Microchip MPLAB XC8 Compiler V2.40

Linker command line:

-W-3 \
  --edf=/home/teo/.mchp_packs/Microchip/PIC18F-K_DFP/1.8.249/xc8/pic/dat/20230209213641_en.msgs \
  -cn -h+dist/default/production/spi-test-master-main.production.sym \
  --cmf=dist/default/production/spi-test-master-main.production.cmf -z \
  -Q18F26K83 -o/tmp/xcXfmEGIe --defsym=__MPLAB_BUILD=1 \
  --fixupoverflow=error \
  -Mdist/default/production/spi-test-master-main.production.map \
  --md=/tmp/xcXfgPNEC.dat -E1 -ver=XC8 Compiler --acfsm=1493 \
  -ACODE=00h-0FFFFh -ACONST=00h-0FFFFh -ASMALLCONST=01000h-010FFhx240 \
  -AMEDIUMCONST=01000h-0FFFFh -ACOMRAM=01h-05Fh -AABS1=00h-0FFFh \
  -ABIGRAM=01h-0FFFh -ARAM=060h-0FFh,0100h-01FFhx15 -ABANK0=060h-0FFh \
  -ABANK1=0100h-01FFh -ABANK2=0200h-02FFh -ABANK3=0300h-03FFh \
  -ABANK4=0400h-04FFh -ABANK5=0500h-05FFh -ABANK6=0600h-06FFh \
  -ABANK7=0700h-07FFh -ABANK8=0800h-08FFh -ABANK9=0900h-09FFh \
  -ABANK10=0A00h-0AFFh -ABANK11=0B00h-0BFFh -ABANK12=0C00h-0CFFh \
  -ABANK13=0D00h-0DFFh -ABANK14=0E00h-0EFFh -ABANK15=0F00h-0FFFh \
  -ASFR=03700h-037FFhx8,03F00h-03F5Fh,03F60h-03FFFh -ABIGSFR=03700h-03FFFh \
  -ACONFIG=0300000h-0300009h -AIDLOC=0200000h-020000Fh \
  -AEEDATA=0310000h-03103FFh -peeprom_data=EEDATA -preset_vec=00h \
  -ppowerup=CODE,init -pramtop=01000h -psmallconst=SMALLCONST \
  -pmediumconst=MEDIUMCONST -pconst=CONST -AFARRAM=00h-00h \
  -prdata=COMRAM,nvrram=COMRAM,nvbit=COMRAM,rbss=COMRAM,rbit=COMRAM \
  -pfarbss=FARRAM,fardata=FARRAM,nvFARRAM=FARRAM \
  -pintsave_regs=BIGRAM,bigbss=BIGRAM,bigdata=BIGRAM -pbss=RAM \
  -pidata=CODE,irdata=CODE,ibigdata=CODE,ifardata=CODE -prparam=COMRAM \
  /tmp/xcXLDnMPh.o \
  dist/default/production/spi-test-master-main.production.o 

Object code version is 3.11

Machine type is 18F26K83



                Name                               Link     Load   Length Selector   Space Scale
/tmp/xcXLDnMPh.o
                idloc                            200000   200000       10        0       5
                config                           300000   300000        A        0       4
                init                               FFFC     FFFC        4     7FFE       0
                reset_vec                             0        0        4        0       0
dist/default/production/spi-test-master-main.production.o
                idloc                            200000   200000       10        0       5
                config                           300000   300000        A        0       4
                smallconst                         1000     1000       20      800       0
                text12                             1308     1308        6      810       0
                text11                             1318     1318        4      98A       0
                text10                             1314     1314        4      98A       0
                text9                              1020     1020       E4      810       0
                text8                              1300     1300        8      810       0
                text7                              121A     121A       38      810       0
                text6                              1104     1104       AE      810       0
                text5                              12C2     12C2       18      810       0
                text4                              11B2     11B2       68      810       0
                text3                              1284     1284       24      810       0
                text2                              12A8     12A8       1A      810       0
                text1                              12EE     12EE       12      810       0
                text0                              12DA     12DA       14      810       0
                cstackCOMRAM                          B        B        5        1       1
                dataCOMRAM                            6        6        5        1       1
                bssCOMRAM                             1        1        5        1       1
                cinit                              1252     1252       32      810       0
                idataCOMRAM                        130E     130E        5      810       0

TOTAL           Name                               Link     Load   Length     Space
        CLASS   CODE           
                init                               FFFC     FFFC        4         0
                reset_vec                             0        0        4         0
                text12                             1308     1308        6         0
                text11                             1318     1318        4         0
                text10                             1314     1314        4         0
                text9                              1020     1020       E4         0
                text8                              1300     1300        8         0
                text7                              121A     121A       38         0
                text6                              1104     1104       AE         0
                text5                              12C2     12C2       18         0
                text4                              11B2     11B2       68         0
                text3                              1284     1284       24         0
                text2                              12A8     12A8       1A         0
                text1                              12EE     12EE       12         0
                text0                              12DA     12DA       14         0
                cinit                              1252     1252       32         0
                idataCOMRAM                        130E     130E        5         0

        CLASS   CONST          

        CLASS   SMALLCONST     
                smallconst                         1000     1000       20         0

        CLASS   MEDIUMCONST    

        CLASS   COMRAM         
                cstackCOMRAM                          B        B        5         1
                dataCOMRAM                            6        6        5         1
                bssCOMRAM                             1        1        5         1

        CLASS   ABS1           

        CLASS   BIGRAM         

        CLASS   RAM            

        CLASS   BANK0          

        CLASS   BANK1          

        CLASS   BANK2          

        CLASS   BANK3          

        CLASS   BANK4          

        CLASS   BANK5          

        CLASS   BANK6          

        CLASS   BANK7          

        CLASS   BANK8          

        CLASS   BANK9          

        CLASS   BANK10         

        CLASS   BANK11         

        CLASS   BANK12         

        CLASS   BANK13         

        CLASS   BANK14         

        CLASS   BANK15         

        CLASS   SFR            

        CLASS   BIGSFR         

        CLASS   CONFIG         
                config                           300000   300000        A         4

        CLASS   IDLOC          
                idloc                            200000   200000       10         5

        CLASS   EEDATA         

        CLASS   FARRAM         

        CLASS   HEAP           

        CLASS   STACK          



SEGMENTS        Name                           Load    Length   Top    Selector   Space  Class

                reset_vec                      000000  000004  000004         0       0  CODE    
                text9                          001020  0002F3  001313       810       0  CODE    
                text10                         001314  000008  00131C       98A       0  CODE    
                init                           00FFFC  000004  010000      7FFE       0  CODE    
                bssCOMRAM                      000001  00000F  000010         1       1  COMRAM  
                smallconst                     001000  000020  001020       800       0  SMALLCON


UNUSED ADDRESS RANGES

        Name                Unused          Largest block    Delta
        BANK0            000060-0000FF               A0
        BANK1            000100-0001FF              100
        BANK10           000A00-000AFF              100
        BANK11           000B00-000BFF              100
        BANK12           000C00-000CFF              100
        BANK13           000D00-000DFF              100
        BANK14           000E00-000EFF              100
        BANK15           000F00-000FFF              100
        BANK2            000200-0002FF              100
        BANK3            000300-0003FF              100
        BANK4            000400-0004FF              100
        BANK5            000500-0005FF              100
        BANK6            000600-0006FF              100
        BANK7            000700-0007FF              100
        BANK8            000800-0008FF              100
        BANK9            000900-0009FF              100
        BIGRAM           000010-000FFF              FF0
        BIGSFR           003700-003FFF              900
        CODE             000004-000FFF              FFC
                         001313-001313                1
                         00131C-00FFFB             ECE0
        COMRAM           000010-00005F               50
        CONST            000004-000FFF              FFC
                         001313-001313                1
                         00131C-00FFFB             ECE0
        EEDATA           310000-3103FF              400
        MEDIUMCONST      001313-001313                1
                         00131C-00FFFB             ECE0
        RAM              000060-000FFF              100
        SFR              003700-003FFF              100
        SMALLCONST       001313-001313                1
                         00131C-00FFFB              100

                                  Symbol Table

SPI1_Open@spi1UniqueConfiguration cstackCOMRAM 00000C
_ANSELA                           (abs)        003A40
_ANSELB                           (abs)        003A50
_ANSELC                           (abs)        003A60
_INLVLA                           (abs)        003A44
_INLVLB                           (abs)        003A54
_INLVLC                           (abs)        003A64
_INLVLE                           (abs)        003A84
_LATA                             (abs)        003FBA
_LATB                             (abs)        003FBB
_LATC                             (abs)        003FBC
_MASTER0_open                     text8        001300
_ODCONA                           (abs)        003A42
_ODCONB                           (abs)        003A52
_ODCONC                           (abs)        003A62
_OSCCON1                          (abs)        0039D9
_OSCCON3                          (abs)        0039DB
_OSCEN                            (abs)        0039DD
_OSCFRQ                           (abs)        0039DF
_OSCILLATOR_Initialize            text5        0012C2
_OSCTUNE                          (abs)        0039DE
_PIN_MANAGER_Initialize           text4        0011B2
_PIR2bits                         (abs)        0039A2
_PMD0                             (abs)        0039C0
_PMD1                             (abs)        0039C1
_PMD2                             (abs)        0039C2
_PMD3                             (abs)        0039C3
_PMD4                             (abs)        0039C4
_PMD5                             (abs)        0039C5
_PMD6                             (abs)        0039C6
_PMD7                             (abs)        0039C7
_PMD_Initialize                   text3        001284
_PORTAbits                        (abs)        003FCA
_PORTCbits                        (abs)        003FCC
_RA5PPS                           (abs)        003A05
_RC3PPS                           (abs)        003A13
_RC5PPS                           (abs)        003A15
_SLRCONA                          (abs)        003A43
_SLRCONB                          (abs)        003A53
_SLRCONC                          (abs)        003A63
_SPI1BAUD                         (abs)        003D19
_SPI1CLK                          (abs)        003D1C
_SPI1CON0                         (abs)        003D14
_SPI1CON0bits                     (abs)        003D14
_SPI1CON1                         (abs)        003D15
_SPI1CON2                         (abs)        003D16
_SPI1RXB                          (abs)        003D10
_SPI1SCKPPS                       (abs)        003AE0
_SPI1SDIPPS                       (abs)        003AE1
_SPI1SSPPS                        (abs)        003AE2
_SPI1TCNTL                        (abs)        003D12
_SPI1TXB                          (abs)        003D11
_SPI1_Close                       text12       001308
_SPI1_ExchangeBlock               (abs)        000000
_SPI1_ExchangeByte                (abs)        000000
_SPI1_Initialize                  text2        0012A8
_SPI1_Open                        text9        001020
_SPI1_ReadBlock                   (abs)        000000
_SPI1_ReadByte                    (abs)        000000
_SPI1_WriteBlock                  (abs)        000000
_SPI1_WriteByte                   (abs)        000000
_SPI_Master_test_2                text6        001104
_SYSTEM_Initialize                text1        0012EE
_TRISA                            (abs)        003FC2
_TRISB                            (abs)        003FC3
_TRISC                            (abs)        003FC4
_TRISCbits                        (abs)        003FC4
_WPUA                             (abs)        003A41
_WPUB                             (abs)        003A51
_WPUC                             (abs)        003A61
_WPUE                             (abs)        003A81
__HRAM                            (abs)        000000
__Habs1                           abs1         000000
__Hbank0                          bank0        000000
__Hbank1                          bank1        000000
__Hbank10                         bank10       000000
__Hbank11                         bank11       000000
__Hbank12                         bank12       000000
__Hbank13                         bank13       000000
__Hbank14                         bank14       000000
__Hbank15                         bank15       000000
__Hbank2                          bank2        000000
__Hbank3                          bank3        000000
__Hbank4                          bank4        000000
__Hbank5                          bank5        000000
__Hbank6                          bank6        000000
__Hbank7                          bank7        000000
__Hbank8                          bank8        000000
__Hbank9                          bank9        000000
__Hbigbss                         bigbss       000000
__Hbigdata                        bigdata      000000
__Hbigram                         bigram       000000
__Hbigsfr                         bigsfr       000000
__Hbss                            bss          000000
__HbssCOMRAM                      bssCOMRAM    000000
__Hcinit                          cinit        000000
__Hclrtext                        clrtext      000000
__Hcomram                         comram       000000
__Hconfig                         config       30000A
__Hconst                          const        000000
__HcstackCOMRAM                   cstackCOMRAM 000000
__Hdata                           data         000000
__HdataCOMRAM                     dataCOMRAM   000000
__Heeprom_data                    eeprom_data  000000
__Hfarbss                         farbss       000000
__Hfardata                        fardata      000000
__Hheap                           heap         000000
__Hibigdata                       ibigdata     000000
__Hidata                          idata        000000
__HidataCOMRAM                    idataCOMRAM  000000
__Hidloc                          idloc        200010
__Hifardata                       ifardata     000000
__Hinit                           init         010000
__Hintsave_regs                   intsave_regs 000000
__Hirdata                         irdata       000000
__Hmediumconst                    mediumconst  000000
__HnvFARRAM                       nvFARRAM     000000
__Hnvbit                          nvbit        000000
__Hnvrram                         nvrram       000000
__Hparam                          rparam       000000
__Hpowerup                        powerup      000000
__Hram                            ram          000000
__Hramtop                         ramtop       001000
__Hrbit                           rbit         000000
__Hrbss                           rbss         000000
__Hrdata                          rdata        000000
__Hreset_vec                      reset_vec    000004
__Hrparam                         rparam       000000
__Hsfr                            sfr          000000
__Hsmallconst                     smallconst   001020
__Hspace_0                        (abs)        010000
__Hspace_1                        (abs)        000010
__Hspace_2                        (abs)        000000
__Hspace_4                        (abs)        60000A
__Hstack                          stack        000000
__Hstruct                         struct       000000
__Htemp                           temp         000000
__Htext                           text         000000
__Htext0                          text0        000000
__Htext1                          text1        000000
__Htext10                         text10       000000
__Htext11                         text11       000000
__Htext12                         text12       000000
__Htext13                         text13       000000
__Htext2                          text2        000000
__Htext3                          text3        000000
__Htext4                          text4        000000
__Htext5                          text5        000000
__Htext6                          text6        000000
__Htext7                          text7        000000
__Htext8                          text8        000000
__Htext9                          text9        000000
__LRAM                            (abs)        000001
__Labs1                           abs1         000000
__Lbank0                          bank0        000000
__Lbank1                          bank1        000000
__Lbank10                         bank10       000000
__Lbank11                         bank11       000000
__Lbank12                         bank12       000000
__Lbank13                         bank13       000000
__Lbank14                         bank14       000000
__Lbank15                         bank15       000000
__Lbank2                          bank2        000000
__Lbank3                          bank3        000000
__Lbank4                          bank4        000000
__Lbank5                          bank5        000000
__Lbank6                          bank6        000000
__Lbank7                          bank7        000000
__Lbank8                          bank8        000000
__Lbank9                          bank9        000000
__Lbigbss                         bigbss       000000
__Lbigdata                        bigdata      000000
__Lbigram                         bigram       000000
__Lbigsfr                         bigsfr       000000
__Lbss                            bss          000000
__LbssCOMRAM                      bssCOMRAM    000000
__Lcinit                          cinit        000000
__Lclrtext                        clrtext      000000
__Lcomram                         comram       000000
__Lconfig                         config       000000
__Lconst                          const        000000
__LcstackCOMRAM                   cstackCOMRAM 000000
__Ldata                           data         000000
__LdataCOMRAM                     dataCOMRAM   000000
__Leeprom_data                    eeprom_data  000000
__Lfarbss                         farbss       000000
__Lfardata                        fardata      000000
__Lheap                           heap         000000
__Libigdata                       ibigdata     000000
__Lidata                          idata        000000
__LidataCOMRAM                    idataCOMRAM  000000
__Lidloc                          idloc        000000
__Lifardata                       ifardata     000000
__Linit                           init         00FFFC
__Lintsave_regs                   intsave_regs 000000
__Lirdata                         irdata       000000
__Lmediumconst                    mediumconst  000000
__LnvFARRAM                       nvFARRAM     000000
__Lnvbit                          nvbit        000000
__Lnvrram                         nvrram       000000
__Lparam                          rparam       000000
__Lpowerup                        powerup      000000
__Lram                            ram          000000
__Lramtop                         ramtop       001000
__Lrbit                           rbit         000000
__Lrbss                           rbss         000000
__Lrdata                          rdata        000000
__Lreset_vec                      reset_vec    000000
__Lrparam                         rparam       000000
__Lsfr                            sfr          000000
__Lsmallconst                     smallconst   001000
__Lspace_0                        (abs)        000000
__Lspace_1                        (abs)        000000
__Lspace_2                        (abs)        000000
__Lspace_4                        (abs)        000000
__Lstack                          stack        000000
__Lstruct                         struct       000000
__Ltemp                           temp         000000
__Ltext                           text         000000
__Ltext0                          text0        000000
__Ltext1                          text1        000000
__Ltext10                         text10       000000
__Ltext11                         text11       000000
__Ltext12                         text12       000000
__Ltext13                         text13       000000
__Ltext2                          text2        000000
__Ltext3                          text3        000000
__Ltext4                          text4        000000
__Ltext5                          text5        000000
__Ltext6                          text6        000000
__Ltext7                          text7        000000
__Ltext8                          text8        000000
__Ltext9                          text9        000000
__S0                              (abs)        010000
__S1                              (abs)        000010
__S4                              (abs)        000000
__S5                              (abs)        000000
___heap_hi                        (abs)        000000
___heap_lo                        (abs)        000000
___inthi_sp                       stack        000000
___intlo_sp                       stack        000000
___param_bank                     (abs)        000000
___rparam_used                    (abs)        000001
___sp                             stack        000000
__accesstop                       (abs)        000060
__activetblptr                    (abs)        000003
__end_of_MASTER0_open             text8        001308
__end_of_OSCILLATOR_Initialize    text5        0012DA
__end_of_PIN_MANAGER_Initialize   text4        00121A
__end_of_PMD_Initialize           text3        0012A8
__end_of_SPI1_Close               text12       00130E
__end_of_SPI1_Initialize          text2        0012C2
__end_of_SPI1_Open                text9        001104
__end_of_SPI_Master_test_2        text6        0011B2
__end_of_SYSTEM_Initialize        text1        001300
__end_of__initialization          cinit        00127E
__end_of_drive_slave_select_high  text11       00131C
__end_of_drive_slave_select_low   text10       001318
__end_of_main                     text0        0012EE
__end_of_spi1_configuration       smallconst   00101F
__end_of_spiMaster                smallconst   001015
__end_of_spi_master_open          text7        001252
__initialization                  cinit        001252
__mediumconst                     mediumconst  000000
__pbssCOMRAM                      bssCOMRAM    000001
__pcinit                          cinit        001252
__pcstackCOMRAM                   cstackCOMRAM 00000B
__pdataCOMRAM                     dataCOMRAM   000006
__pidataCOMRAM                    idataCOMRAM  00130E
__psmallconst                     smallconst   001000
__ptext0                          text0        0012DA
__ptext1                          text1        0012EE
__ptext10                         text10       001314
__ptext11                         text11       001318
__ptext12                         text12       001308
__ptext13                         text13       000000
__ptext2                          text2        0012A8
__ptext3                          text3        001284
__ptext4                          text4        0011B2
__ptext5                          text5        0012C2
__ptext6                          text6        001104
__ptext7                          text7        00121A
__ptext8                          text8        001300
__ptext9                          text9        001020
__ramtop                          ramtop       001000
__smallconst                      smallconst   001000
_buffer                           dataCOMRAM   000007
_buffer2                          bssCOMRAM    000001
_drive_slave_select_high          text11       001318
_drive_slave_select_low           text10       001314
_main                             text0        0012DA
_rMessage                         bssCOMRAM    000005
_spi1_configuration               smallconst   001015
_spiMaster                        smallconst   001001
_spi_master_open                  text7        00121A
_tMessage                         dataCOMRAM   000006
end_of_initialization             cinit        00127E
intlevel0                         text         000000
intlevel1                         text         000000
intlevel2                         text         000000
intlevel3                         text         000000
isa$std                           (abs)        000001
isa$xinst                         (abs)        000000
spi_master_open@config            cstackCOMRAM 00000F
stackhi                           (abs)        000000
stacklo                           (abs)        000000
start                             init         00FFFC
start_initialization              cinit        001252


MODULE INFORMATION

Module		Function		Class		Link	Load	Size
mcc_generated_files/pin_manager.c
		_PIN_MANAGER_Initialize		CODE           	11B2	0000	104

mcc_generated_files/pin_manager.c estimated size: 104

mcc_generated_files/spi1.c
		_SPI1_Open     		CODE           	1020	0000	228
		_SPI1_Initialize		CODE           	12A8	0000	26
		_SPI1_Close    		CODE           	1308	0000	6

mcc_generated_files/spi1.c estimated size: 260

mcc_generated_files/examples/spi_master_example.c
		_drive_slave_select_high		CODE           	1318	0000	4
		_SPI_Master_test_2		CODE           	1104	0000	174
		_drive_slave_select_low		CODE           	1314	0000	4

mcc_generated_files/examples/spi_master_example.c estimated size: 182

mcc_generated_files/drivers/spi_master.c
		_spi_master_open		CODE           	121A	0000	56
		_MASTER0_open  		CODE           	1300	0000	8

mcc_generated_files/drivers/spi_master.c estimated size: 64

shared
		__initialization		CODE           	1252	0000	44
		_spiMaster     		SMALLCONST     	1001	0000	20
		_spi1_configuration		SMALLCONST     	1015	0000	10

shared estimated size: 74

mcc_generated_files/mcc.c
		_PMD_Initialize		CODE           	1284	0000	36
		_OSCILLATOR_Initialize		CODE           	12C2	0000	24
		_SYSTEM_Initialize		CODE           	12EE	0000	18

mcc_generated_files/mcc.c estimated size: 78

main.c
		_main          		CODE           	12DA	0000	20

main.c estimated size: 20

