Microchip MPLAB XC8 Compiler V2.40

Linker command line:

-W-3 \
  --edf=/home/teo/.mchp_packs/Microchip/PIC18F-K_DFP/1.8.249/xc8/pic/dat/20230209213641_en.msgs \
  -cn -h+dist/default/production/spi-slave-test-bc-main.production.sym \
  --cmf=dist/default/production/spi-slave-test-bc-main.production.cmf -z \
  -Q18F26K83 -o/tmp/xcXicJikH --defsym=__MPLAB_BUILD=1 \
  --fixupoverflow=error \
  -Mdist/default/production/spi-slave-test-bc-main.production.map \
  --md=/tmp/xcXDhOlIM.dat -E1 -ver=XC8 Compiler --acfsm=1493 \
  -ACODE=00h-0FFFFh -ACONST=00h-0FFFFh -ASMALLCONST=01000h-010FFhx240 \
  -AMEDIUMCONST=01000h-0FFFFh -ACOMRAM=01h-05Fh -AABS1=00h-0FFFh \
  -ABIGRAM=01h-0FFFh -ARAM=060h-0FFh,0100h-01FFhx15 -ABANK0=060h-0FFh \
  -ABANK1=0100h-01FFh -ABANK2=0200h-02FFh -ABANK3=0300h-03FFh \
  -ABANK4=0400h-04FFh -ABANK5=0500h-05FFh -ABANK6=0600h-06FFh \
  -ABANK7=0700h-07FFh -ABANK8=0800h-08FFh -ABANK9=0900h-09FFh \
  -ABANK10=0A00h-0AFFh -ABANK11=0B00h-0BFFh -ABANK12=0C00h-0CFFh \
  -ABANK13=0D00h-0DFFh -ABANK14=0E00h-0EFFh -ABANK15=0F00h-0FFFh \
  -ASFR=03700h-037FFhx8,03F00h-03F5Fh,03F60h-03FFFh -ABIGSFR=03700h-03FFFh \
  -ACONFIG=0300000h-0300009h -AIDLOC=0200000h-020000Fh \
  -AEEDATA=0310000h-03103FFh -peeprom_data=EEDATA -preset_vec=00h \
  -ppowerup=CODE,init -pramtop=01000h -psmallconst=SMALLCONST \
  -pmediumconst=MEDIUMCONST -pconst=CONST -AFARRAM=00h-00h \
  -prdata=COMRAM,nvrram=COMRAM,nvbit=COMRAM,rbss=COMRAM,rbit=COMRAM \
  -pfarbss=FARRAM,fardata=FARRAM,nvFARRAM=FARRAM \
  -pintsave_regs=BIGRAM,bigbss=BIGRAM,bigdata=BIGRAM -pbss=RAM \
  -pidata=CODE,irdata=CODE,ibigdata=CODE,ifardata=CODE -prparam=COMRAM \
  /tmp/xcXGBpDLa.o \
  dist/default/production/spi-slave-test-bc-main.production.o 

Object code version is 3.11

Machine type is 18F26K83



                Name                               Link     Load   Length Selector   Space Scale
/tmp/xcXGBpDLa.o
                idloc                            200000   200000       10        0       5
                config                           300000   300000        A        0       4
                init                               FFFC     FFFC        4     7FFE       0
                reset_vec                             0        0        4        0       0
dist/default/production/spi-slave-test-bc-main.production.o
                idloc                            200000   200000       10        0       5
                config                           300000   300000        A        0       4
                text5                              FF40     FF40       18     7FA0       0
                text4                              FF2A     FF2A       16     7F95       0
                text3                              FF58     FF58       18     7FAC       0
                text2                              FF70     FF70       1A     7FB8       0
                text1                              FFA6     FFA6       24     7FD3       0
                text0                              FFCA     FFCA       32     7FE5       0
                cstackCOMRAM                          3        3        1        1       1
                dataCOMRAM                            2        2        1        1       1
                bssCOMRAM                             1        1        1        1       1
                cinit                              FF8A     FF8A       1C     7FC5       0
                idataCOMRAM                        FF29     FF29        1     FF29       0

TOTAL           Name                               Link     Load   Length     Space
        CLASS   CODE           
                init                               FFFC     FFFC        4         0
                reset_vec                             0        0        4         0
                text5                              FF40     FF40       18         0
                text4                              FF2A     FF2A       16         0
                text3                              FF58     FF58       18         0
                text2                              FF70     FF70       1A         0
                text1                              FFA6     FFA6       24         0
                text0                              FFCA     FFCA       32         0
                cinit                              FF8A     FF8A       1C         0
                idataCOMRAM                        FF29     FF29        1         0

        CLASS   CONST          

        CLASS   SMALLCONST     

        CLASS   MEDIUMCONST    

        CLASS   COMRAM         
                cstackCOMRAM                          3        3        1         1
                dataCOMRAM                            2        2        1         1
                bssCOMRAM                             1        1        1         1

        CLASS   ABS1           

        CLASS   BIGRAM         

        CLASS   RAM            

        CLASS   BANK0          

        CLASS   BANK1          

        CLASS   BANK2          

        CLASS   BANK3          

        CLASS   BANK4          

        CLASS   BANK5          

        CLASS   BANK6          

        CLASS   BANK7          

        CLASS   BANK8          

        CLASS   BANK9          

        CLASS   BANK10         

        CLASS   BANK11         

        CLASS   BANK12         

        CLASS   BANK13         

        CLASS   BANK14         

        CLASS   BANK15         

        CLASS   SFR            

        CLASS   BIGSFR         

        CLASS   CONFIG         
                config                           300000   300000        A         4

        CLASS   IDLOC          
                idloc                            200000   200000       10         5

        CLASS   EEDATA         

        CLASS   FARRAM         

        CLASS   HEAP           

        CLASS   STACK          



SEGMENTS        Name                           Load    Length   Top    Selector   Space  Class

                text2                          00FF70  00001A  00FF8A      7FB8       0  CODE    
                cinit                          00FF8A  00001C  00FFA6      7FC5       0  CODE    
                reset_vec                      000000  000004  000004         0       0  CODE    
                text3                          00FF58  000018  00FF70      7FAC       0  CODE    
                text0                          00FFCA  000032  00FFFC      7FE5       0  CODE    
                text1                          00FFA6  000024  00FFCA      7FD3       0  CODE    
                text4                          00FF2A  000016  00FF40      7F95       0  CODE    
                idataCOMRAM                    00FF29  000001  00FF2A      FF29       0  CODE    
                text5                          00FF40  000018  00FF58      7FA0       0  CODE    
                init                           00FFFC  000004  010000      7FFE       0  CODE    
                bssCOMRAM                      000001  000003  000004         1       1  COMRAM  


UNUSED ADDRESS RANGES

        Name                Unused          Largest block    Delta
        BANK0            000060-0000FF               A0
        BANK1            000100-0001FF              100
        BANK10           000A00-000AFF              100
        BANK11           000B00-000BFF              100
        BANK12           000C00-000CFF              100
        BANK13           000D00-000DFF              100
        BANK14           000E00-000EFF              100
        BANK15           000F00-000FFF              100
        BANK2            000200-0002FF              100
        BANK3            000300-0003FF              100
        BANK4            000400-0004FF              100
        BANK5            000500-0005FF              100
        BANK6            000600-0006FF              100
        BANK7            000700-0007FF              100
        BANK8            000800-0008FF              100
        BANK9            000900-0009FF              100
        BIGRAM           000004-000FFF              FFC
        BIGSFR           003700-003FFF              900
        CODE             000004-00FF28             FF25
        COMRAM           000004-00005F               5C
        CONST            000004-00FF28             FF25
        EEDATA           310000-3103FF              400
        MEDIUMCONST      001000-00FF28             EF29
        RAM              000060-000FFF              100
        SFR              003700-003FFF              100
        SMALLCONST       001000-00FF28              100

                                  Symbol Table

SPI1_exchangeByte@data     cstackCOMRAM 000003
_ANSELA                    (abs)        003A40
_ANSELC                    (abs)        003A60
_CLK_Initialize            text5        00FF40
_LATAbits                  (abs)        003FBA
_OSCCON1                   (abs)        0039D9
_OSCCON3                   (abs)        0039DB
_OSCEN                     (abs)        0039DD
_OSCFRQ                    (abs)        0039DF
_OSCTUNE                   (abs)        0039DE
_PIR2bits                  (abs)        0039A2
_PORT_Initialize           text4        00FF2A
_PPS_Initialize            text3        00FF58
_RA5PPS                    (abs)        003A05
_RC5PPS                    (abs)        003A15
_SPI1BAUD                  (abs)        003D19
_SPI1CLK                   (abs)        003D1C
_SPI1CON0                  (abs)        003D14
_SPI1CON0bits              (abs)        003D14
_SPI1CON1                  (abs)        003D15
_SPI1CON2                  (abs)        003D16
_SPI1RXB                   (abs)        003D10
_SPI1SCKPPS                (abs)        003AE0
_SPI1SDIPPS                (abs)        003AE1
_SPI1SSPPS                 (abs)        003AE2
_SPI1TCNTL                 (abs)        003D12
_SPI1TXB                   (abs)        003D11
_SPI1_Initialize           text2        00FF70
_SPI1_exchangeByte         text1        00FFA6
_TRISAbits                 (abs)        003FC2
_TRISCbits                 (abs)        003FC4
__HRAM                     (abs)        000000
__Habs1                    abs1         000000
__Hbank0                   bank0        000000
__Hbank1                   bank1        000000
__Hbank10                  bank10       000000
__Hbank11                  bank11       000000
__Hbank12                  bank12       000000
__Hbank13                  bank13       000000
__Hbank14                  bank14       000000
__Hbank15                  bank15       000000
__Hbank2                   bank2        000000
__Hbank3                   bank3        000000
__Hbank4                   bank4        000000
__Hbank5                   bank5        000000
__Hbank6                   bank6        000000
__Hbank7                   bank7        000000
__Hbank8                   bank8        000000
__Hbank9                   bank9        000000
__Hbigbss                  bigbss       000000
__Hbigdata                 bigdata      000000
__Hbigram                  bigram       000000
__Hbigsfr                  bigsfr       000000
__Hbss                     bss          000000
__HbssCOMRAM               bssCOMRAM    000000
__Hcinit                   cinit        000000
__Hclrtext                 clrtext      000000
__Hcomram                  comram       000000
__Hconfig                  config       30000A
__Hconst                   const        000000
__HcstackCOMRAM            cstackCOMRAM 000000
__Hdata                    data         000000
__HdataCOMRAM              dataCOMRAM   000000
__Heeprom_data             eeprom_data  000000
__Hfarbss                  farbss       000000
__Hfardata                 fardata      000000
__Hheap                    heap         000000
__Hibigdata                ibigdata     000000
__Hidata                   idata        000000
__HidataCOMRAM             idataCOMRAM  000000
__Hidloc                   idloc        200010
__Hifardata                ifardata     000000
__Hinit                    init         010000
__Hintsave_regs            intsave_regs 000000
__Hirdata                  irdata       000000
__Hmediumconst             mediumconst  000000
__HnvFARRAM                nvFARRAM     000000
__Hnvbit                   nvbit        000000
__Hnvrram                  nvrram       000000
__Hparam                   rparam       000000
__Hpowerup                 powerup      000000
__Hram                     ram          000000
__Hramtop                  ramtop       001000
__Hrbit                    rbit         000000
__Hrbss                    rbss         000000
__Hrdata                   rdata        000000
__Hreset_vec               reset_vec    000004
__Hrparam                  rparam       000000
__Hsfr                     sfr          000000
__Hsmallconst              smallconst   000000
__Hspace_0                 (abs)        010000
__Hspace_1                 (abs)        000004
__Hspace_2                 (abs)        000000
__Hspace_4                 (abs)        60000A
__Hstack                   stack        000000
__Hstruct                  struct       000000
__Htemp                    temp         000000
__Htext                    text         000000
__Htext0                   text0        000000
__Htext1                   text1        000000
__Htext2                   text2        000000
__Htext3                   text3        000000
__Htext4                   text4        000000
__Htext5                   text5        000000
__LRAM                     (abs)        000001
__Labs1                    abs1         000000
__Lbank0                   bank0        000000
__Lbank1                   bank1        000000
__Lbank10                  bank10       000000
__Lbank11                  bank11       000000
__Lbank12                  bank12       000000
__Lbank13                  bank13       000000
__Lbank14                  bank14       000000
__Lbank15                  bank15       000000
__Lbank2                   bank2        000000
__Lbank3                   bank3        000000
__Lbank4                   bank4        000000
__Lbank5                   bank5        000000
__Lbank6                   bank6        000000
__Lbank7                   bank7        000000
__Lbank8                   bank8        000000
__Lbank9                   bank9        000000
__Lbigbss                  bigbss       000000
__Lbigdata                 bigdata      000000
__Lbigram                  bigram       000000
__Lbigsfr                  bigsfr       000000
__Lbss                     bss          000000
__LbssCOMRAM               bssCOMRAM    000000
__Lcinit                   cinit        000000
__Lclrtext                 clrtext      000000
__Lcomram                  comram       000000
__Lconfig                  config       000000
__Lconst                   const        000000
__LcstackCOMRAM            cstackCOMRAM 000000
__Ldata                    data         000000
__LdataCOMRAM              dataCOMRAM   000000
__Leeprom_data             eeprom_data  000000
__Lfarbss                  farbss       000000
__Lfardata                 fardata      000000
__Lheap                    heap         000000
__Libigdata                ibigdata     000000
__Lidata                   idata        000000
__LidataCOMRAM             idataCOMRAM  000000
__Lidloc                   idloc        000000
__Lifardata                ifardata     000000
__Linit                    init         00FFFC
__Lintsave_regs            intsave_regs 000000
__Lirdata                  irdata       000000
__Lmediumconst             mediumconst  000000
__LnvFARRAM                nvFARRAM     000000
__Lnvbit                   nvbit        000000
__Lnvrram                  nvrram       000000
__Lparam                   rparam       000000
__Lpowerup                 powerup      000000
__Lram                     ram          000000
__Lramtop                  ramtop       001000
__Lrbit                    rbit         000000
__Lrbss                    rbss         000000
__Lrdata                   rdata        000000
__Lreset_vec               reset_vec    000000
__Lrparam                  rparam       000000
__Lsfr                     sfr          000000
__Lsmallconst              smallconst   000000
__Lspace_0                 (abs)        000000
__Lspace_1                 (abs)        000000
__Lspace_2                 (abs)        000000
__Lspace_4                 (abs)        000000
__Lstack                   stack        000000
__Lstruct                  struct       000000
__Ltemp                    temp         000000
__Ltext                    text         000000
__Ltext0                   text0        000000
__Ltext1                   text1        000000
__Ltext2                   text2        000000
__Ltext3                   text3        000000
__Ltext4                   text4        000000
__Ltext5                   text5        000000
__S0                       (abs)        010000
__S1                       (abs)        000004
__S4                       (abs)        000000
__S5                       (abs)        000000
___heap_hi                 (abs)        000000
___heap_lo                 (abs)        000000
___inthi_sp                stack        000000
___intlo_sp                stack        000000
___param_bank              (abs)        000000
___rparam_used             (abs)        000001
___sp                      stack        000000
__accesstop                (abs)        000060
__activetblptr             (abs)        000000
__end_of_CLK_Initialize    text5        00FF58
__end_of_PORT_Initialize   text4        00FF40
__end_of_PPS_Initialize    text3        00FF70
__end_of_SPI1_Initialize   text2        00FF8A
__end_of_SPI1_exchangeByte text1        00FFCA
__end_of__initialization   cinit        00FFA0
__end_of_main              text0        00FFFC
__initialization           cinit        00FF8A
__mediumconst              mediumconst  000000
__pbssCOMRAM               bssCOMRAM    000001
__pcinit                   cinit        00FF8A
__pcstackCOMRAM            cstackCOMRAM 000003
__pdataCOMRAM              dataCOMRAM   000002
__pidataCOMRAM             idataCOMRAM  00FF29
__ptext0                   text0        00FFCA
__ptext1                   text1        00FFA6
__ptext2                   text2        00FF70
__ptext3                   text3        00FF58
__ptext4                   text4        00FF2A
__ptext5                   text5        00FF40
__ramtop                   ramtop       001000
__smallconst               smallconst   000000
_main                      text0        00FFCA
_receiveData               bssCOMRAM    000001
_writeData                 dataCOMRAM   000002
end_of_initialization      cinit        00FFA0
intlevel0                  text         000000
intlevel1                  text         000000
intlevel2                  text         000000
intlevel3                  text         000000
isa$std                    (abs)        000001
isa$xinst                  (abs)        000000
stackhi                    (abs)        000000
stacklo                    (abs)        000000
start                      init         00FFFC
start_initialization       cinit        00FF8A


MODULE INFORMATION

Module		Function		Class		Link	Load	Size
shared
		__initialization		CODE           	FF8A	0000	22

shared estimated size: 22

main.c
		_PORT_Initialize		CODE           	FF2A	0000	22
		_main          		CODE           	FFCA	0000	50
		_PPS_Initialize		CODE           	FF58	0000	24
		_CLK_Initialize		CODE           	FF40	0000	24
		_SPI1_Initialize		CODE           	FF70	0000	26
		_SPI1_exchangeByte		CODE           	FFA6	0000	36

main.c estimated size: 182

